// Jest Snapshot v1, https://goo.gl/fbAQLP

exports[`Attendess component test renders without crashing 1`] = `
ShallowWrapper {
  "length": 1,
  Symbol(enzyme.__root__): [Circular],
  Symbol(enzyme.__unrendered__): <ErrorPage />,
  Symbol(enzyme.__renderer__): Object {
    "batchedUpdates": [Function],
    "getNode": [Function],
    "render": [Function],
    "simulateEvent": [Function],
    "unmount": [Function],
  },
  Symbol(enzyme.__node__): Object {
    "instance": null,
    "key": null,
    "nodeType": "host",
    "props": Object {
      "children": Array [
        <Headline
          subtitle="Seems like Darth Vader just hits our website and drops it down.
                        Please press the refresh button and everything should be fine again."
          title="404 Error - page not found."
/>,
        <Button
          color="dark"
          content="REFRESH"
          onClick={[Function]}
/>,
      ],
    },
    "ref": null,
    "rendered": Array [
      Object {
        "instance": null,
        "key": null,
        "nodeType": "function",
        "props": Object {
          "subtitle": "Seems like Darth Vader just hits our website and drops it down.
                        Please press the refresh button and everything should be fine again.",
          "title": "404 Error - page not found.",
        },
        "ref": null,
        "rendered": null,
        "type": [Function],
      },
      Object {
        "instance": null,
        "key": null,
        "nodeType": "function",
        "props": Object {
          "color": "dark",
          "content": "REFRESH",
          "onClick": [Function],
        },
        "ref": null,
        "rendered": null,
        "type": [Function],
      },
    ],
    "type": "div",
  },
  Symbol(enzyme.__nodes__): Array [
    Object {
      "instance": null,
      "key": null,
      "nodeType": "host",
      "props": Object {
        "children": Array [
          <Headline
            subtitle="Seems like Darth Vader just hits our website and drops it down.
                        Please press the refresh button and everything should be fine again."
            title="404 Error - page not found."
/>,
          <Button
            color="dark"
            content="REFRESH"
            onClick={[Function]}
/>,
        ],
      },
      "ref": null,
      "rendered": Array [
        Object {
          "instance": null,
          "key": null,
          "nodeType": "function",
          "props": Object {
            "subtitle": "Seems like Darth Vader just hits our website and drops it down.
                        Please press the refresh button and everything should be fine again.",
            "title": "404 Error - page not found.",
          },
          "ref": null,
          "rendered": null,
          "type": [Function],
        },
        Object {
          "instance": null,
          "key": null,
          "nodeType": "function",
          "props": Object {
            "color": "dark",
            "content": "REFRESH",
            "onClick": [Function],
          },
          "ref": null,
          "rendered": null,
          "type": [Function],
        },
      ],
      "type": "div",
    },
  ],
  Symbol(enzyme.__options__): Object {
    "adapter": ReactSixteenAdapter {
      "options": Object {
        "enableComponentDidUpdateOnSetState": true,
      },
    },
  },
}
`;
